[badkid.club/index.html]
[backblue.gif]
[fade.gif]
[index.html]
[badkid.club/wp-content/plugins/ba-plus-before-after-image-slider-free/css/ba-plus.min4bf4.css]
[badkid.club/feed/index.html]
[badkid.club/wp-content/themes/astra/assets/css/minified/main.minac9e.css]
[badkid.club/wp-includes/css/dist/block-library/style.min7404.css]
[badkid.club/wp-includes/css/dist/components/style.min7404.css]
[badkid.club/comments/feed/index.html]
[badkid.club/wp-includes/css/dist/block-editor/style.min7404.css]
[badkid.club/wp-includes/css/dist/nux/style.min7404.css]
[badkid.club/wp-includes/css/dist/reusable-blocks/style.min7404.css]
[badkid.club/wp-includes/css/dist/editor/style.min7404.css]
[badkid.club/wp-content/plugins/timeline-event-history/includes/gutenberg/dist/blocks.style.build.css]
[badkid.club/wp-content/plugins/cool-timeline/includes/cool-timeline-block/dist/blocks.style.build.css]
[badkid.club/wp-content/plugins/timeline-block/includes/gutenberg-block/build/blocks.style.build7404.css]
[badkid.club/wp-content/plugins/timeline-block/includes/cool-timeline-block/dist/blocks.style.build.css]
[badkid.club/wp-content/plugins/post-timeline/public/css/reset6c17.css]
[badkid.club/wp-content/plugins/post-timeline/public/css/post-timeline6c17.css]
[badkid.club/wp-content/plugins/post-timeline/public/css/animate6c17.css]
[badkid.club/wp-content/plugins/post-timeline/public/css/bootstrap.min6c17.css]
[badkid.club/wp-content/plugins/post-timeline/public/css/bootstrap-theme.min6c17.css]
[cdnjs.cloudflare.com/ajax/libs/font-awesome/4.7.0/css/font-awesome6c17.css]
[badkid.club/wp-content/plugins/twenty20/assets/css/twenty200322.css]
[badkid.club/wp-content/plugins/elementskit-lite/modules/elementskit-icon-pack/assets/css/ekiticons4468.css]
[badkid.club/wp-content/plugins/elementor/assets/lib/eicons/css/elementor-icons.min7816.css]
[badkid.club/wp-content/plugins/elementor/assets/css/frontend-legacy.mina7a0.css]
[badkid.club/wp-content/plugins/elementor/assets/css/frontend.mina7a0.css]
[badkid.club/wp-content/uploads/elementor/css/post-1205ebd0.css]
[badkid.club/wp-content/plugins/before-after-image-comparison-slider-for-elementor/assets/css/twentytwenty8a54.css]
[badkid.club/wp-content/plugins/elementor-pro/assets/css/frontend.min49eb.css]
[badkid.club/wp-content/plugins/sticky-header-effects-for-elementor/assets/css/she-header-style6dbf.css]
[badkid.club/wp-content/uploads/elementor/css/globale149.css]
[badkid.club/wp-content/uploads/elementor/css/post-49780d8b.css]
[badkid.club/wp-content/plugins/timeline-event-history/assets/resources/fontawesome/css/fontawesome.mindc8c.css]
[badkid.club/wp-content/plugins/elementskit-lite/widgets/init/assets/css/widget-styles4468.css]
[badkid.club/wp-content/plugins/elementskit-lite/widgets/init/assets/css/responsive4468.css]
[badkid.club/wp-content/plugins/elementor/assets/lib/font-awesome/css/fontawesome.min52d5.css]
[badkid.club/wp-content/plugins/elementor/assets/lib/font-awesome/css/solid.min52d5.css]
[badkid.club/wp-content/plugins/elementor/assets/lib/font-awesome/css/brands.min52d5.css]
[badkid.club/wp-includes/js/jquery/jquery.minaf6c.js]
[badkid.club/wp-includes/js/jquery/jquery-migrate.mind617.js]
[badkid.club/wp-content/plugins/adkingpro/js/jquery.jshowoff7404.js]
[badkid.club/wp-content/plugins/adkingpro/js/adkingpro-functions7404.js]
[badkid.club/wp-content/plugins/sticky-header-effects-for-elementor/assets/js/she-header6dbf.js]
[badkid.club/wp-json/index.html]
[badkid.club/xmlrpc0db0.php]
[badkid.club/wp-json/wp/v2/pages/4978.json]
[badkid.club/wp-includes/wlwmanifest.xml]
[badkid.club/wp-json/oembed/1.0/embed870f.json]
[badkid.club/wp-json/oembed/1.0/embedbffd]
[badkid.club/wp-content/uploads/2022/02/cropped-BKC-black-16x16-1-32x32.png]
[badkid.club/wp-content/uploads/2022/02/cropped-BKC-black-16x16-1-192x192.png]
[badkid.club/wp-content/uploads/2022/02/cropped-BKC-black-16x16-1-180x180.png]
[badkid.club/wp-content/uploads/2022/04/BKC-colour100-100white-border.png]
[badkid.club/wp-content/uploads/2022/04/x1-.png]
[badkid.club/wp-content/uploads/2022/04/x2-.png]
[badkid.club/wp-content/uploads/2022/04/17-300x300.jpg]
[badkid.club/wp-content/uploads/2022/04/18-300x300.jpg]
[badkid.club/wp-content/uploads/2022/04/19-300x300.jpg]
[badkid.club/wp-content/uploads/2022/04/20-300x300.jpg]
[badkid.club/wp-content/uploads/2022/02/11.png]
[badkid.club/wp-content/uploads/2022/04/5641-1024x1024.jpg]
[badkid.club/wp-content/uploads/2022/02/2.png]
[badkid.club/wp-content/uploads/2022/04/303-removebg-previewflip.png]
[badkid.club/wp-content/uploads/2022/04/301-removebg-preview.png]
[badkid.club/wp-content/plugins/timeline-widget-addon-for-elementor/assets/css/twae-fontelloc412.css]
[badkid.club/wp-content/plugins/elementor/assets/lib/font-awesome/css/all.min55fe.css]
[badkid.club/wp-content/plugins/timeline-widget-addon-for-elementor/assets/css/twae-centered-timeline.minc412.css]
[badkid.club/wp-content/plugins/timeline-widget-addon-for-elementor/assets/css/twae-colors-typography.minc412.css]
[badkid.club/wp-content/plugins/elementor/assets/lib/animations/animations.mina7a0.css]
[badkid.club/wp-content/plugins/ba-plus-before-after-image-slider-free/js/ba-plus.min4bf4.js]
[badkid.club/wp-content/themes/astra/assets/js/minified/frontend.minac9e.js]
[badkid.club/wp-content/plugins/before-after-image-comparison-slider-for-elementor/assets/js/jquery.event.move8a54.js]
[badkid.club/wp-content/plugins/before-after-image-comparison-slider-for-elementor/assets/js/jquery.twentytwenty8a54.js]
[badkid.club/wp-content/plugins/before-after-image-comparison-slider-for-elementor/assets/js/main8a54.js]
[badkid.club/wp-content/plugins/post-timeline/public/js/mp.mansory6c17.js]
[badkid.club/wp-content/plugins/post-timeline/public/js/ptl-anim6c17.js]
[badkid.club/wp-content/plugins/post-timeline/public/js/smooth-scroll6c17.js]
[badkid.club/wp-content/plugins/post-timeline/public/js/slick6c17.js]
[maxcdn.bootstrapcdn.com/bootstrap/3.3.7/js/bootstrap.min6c17.js]
[badkid.club/wp-content/plugins/post-timeline/public/js/post-timeline6c17.js]
[badkid.club/wp-content/plugins/twenty20/assets/js/jquery.twenty200322.js]
[badkid.club/wp-content/plugins/twenty20/assets/js/jquery.event.move0322.js]
[badkid.club/wp-content/plugins/elementskit-lite/libs/framework/assets/js/frontend-script4468.js]
[badkid.club/wp-content/plugins/elementskit-lite/widgets/init/assets/js/widget-scripts4468.js]
[badkid.club/wp-content/plugins/q2w3-fixed-widget/js/frontend.minfc7a.js]
[badkid.club/wp-content/plugins/elementor-pro/assets/lib/smartmenus/jquery.smartmenus.minf269.js]
[badkid.club/wp-content/plugins/elementor-pro/assets/js/webpack-pro.runtime.min49eb.js]
[badkid.club/wp-content/plugins/elementor/assets/js/webpack.runtime.mina7a0.js]
[badkid.club/wp-content/plugins/elementor/assets/js/frontend-modules.mina7a0.js]
[badkid.club/wp-content/plugins/elementor-pro/assets/js/frontend.min49eb.js]
[badkid.club/wp-content/plugins/elementor/assets/lib/waypoints/waypoints.min05da.js]
[badkid.club/wp-includes/js/jquery/ui/core.min0028.js]
[badkid.club/wp-content/plugins/elementor/assets/lib/swiper/swiper.min48f5.js]
[badkid.club/wp-content/plugins/elementor/assets/lib/share-link/share-link.mina7a0.js]
[badkid.club/wp-content/plugins/elementor/assets/lib/dialog/dialog.mind227.js]
[badkid.club/wp-content/plugins/elementor/assets/js/frontend.mina7a0.js]
[badkid.club/wp-content/plugins/elementor-pro/assets/js/preloaded-elements-handlers.min49eb.js]
[badkid.club/wp-content/plugins/elementskit-lite/widgets/init/assets/js/animate-circle4468.js]
[badkid.club/wp-content/plugins/elementskit-lite/widgets/init/assets/js/elementor4468.js]
[badkid.club/wp-content/plugins/elementor/assets/js/preloaded-modules.mina7a0.js]
[badkid.club/wp-content/plugins/elementor-pro/assets/lib/sticky/jquery.sticky.min49eb.js]
[badkid.club/index.html]
[badkid.club/wp-content/plugins/ba-plus-before-after-image-slider-free/css/ba-plus.min4bf4.css]
[badkid.club/wp-content/themes/astra/assets/css/minified/main.minac9e.css]
[badkid.club/wp-includes/css/dist/block-library/style.min7404.css]
[badkid.club/wp-includes/css/dist/components/style.min7404.css]
[badkid.club/wp-includes/css/dist/block-editor/style.min7404.css]
[badkid.club/wp-includes/css/dist/nux/style.min7404.css]
[badkid.club/wp-includes/css/dist/reusable-blocks/style.min7404.css]
[badkid.club/wp-includes/css/dist/editor/style.min7404.css]
[badkid.club/wp-content/plugins/timeline-event-history/includes/gutenberg/dist/blocks.style.build.css]
[badkid.club/wp-content/plugins/cool-timeline/includes/cool-timeline-block/dist/blocks.style.build.css]
[badkid.club/wp-content/plugins/timeline-block/includes/gutenberg-block/build/blocks.style.build7404.css]
[badkid.club/wp-content/plugins/timeline-block/includes/cool-timeline-block/dist/blocks.style.build.css]
[badkid.club/wp-admin/admin-ajaxd71c.html]
[badkid.club/wp-content/plugins/post-timeline/public/css/reset6c17.css]
[badkid.club/wp-content/plugins/post-timeline/public/css/post-timeline6c17.css]
[badkid.club/wp-content/plugins/post-timeline/public/css/animate6c17.css]
[badkid.club/wp-content/plugins/post-timeline/public/fonts/glyphicons-halflings-regular.eot]
[badkid.club/wp-content/plugins/post-timeline/public/fonts/glyphicons-halflings-regulard41d.eot]
[badkid.club/wp-content/plugins/post-timeline/public/fonts/glyphicons-halflings-regular.woff2]
[badkid.club/wp-content/plugins/post-timeline/public/fonts/glyphicons-halflings-regular.woff]
[badkid.club/wp-content/plugins/post-timeline/public/fonts/glyphicons-halflings-regular.ttf]
[badkid.club/wp-content/plugins/post-timeline/public/css/bootstrap.min6c17.css]
[badkid.club/wp-content/plugins/post-timeline/public/css/bootstrap-theme.min6c17.css]
[cdnjs.cloudflare.com/ajax/libs/font-awesome/4.7.0/css/font-awesome6c17.css]
[badkid.club/wp-content/plugins/twenty20/assets/css/twenty200322.css]
[badkid.club/wp-content/plugins/post-timeline/public/fonts/glyphicons-halflings-regular.svg]
[badkid.club/wp-content/plugins/elementskit-lite/modules/elementskit-icon-pack/assets/fonts/elementskit97ac.woff]
[badkid.club/wp-content/plugins/elementskit-lite/modules/elementskit-icon-pack/assets/css/ekiticons4468.css]
[badkid.club/wp-content/plugins/elementor/assets/lib/eicons/fonts/eicons5519.eot]
[badkid.club/wp-content/plugins/elementor/assets/lib/eicons/fonts/eicons5519.woff2]
[badkid.club/wp-content/plugins/elementor/assets/lib/eicons/fonts/eicons5519.woff]
[badkid.club/wp-content/plugins/elementor/assets/lib/eicons/fonts/eicons5519.ttf]
[badkid.club/wp-content/plugins/elementor/assets/lib/eicons/css/elementor-icons.min7816.css]
[badkid.club/wp-content/plugins/elementor/assets/css/frontend-legacy.mina7a0.css]
[badkid.club/wp-content/plugins/elementor/assets/css/frontend.mina7a0.css]
[badkid.club/wp-content/uploads/elementor/css/post-1205ebd0.css]
[badkid.club/wp-content/plugins/before-after-image-comparison-slider-for-elementor/assets/css/twentytwenty8a54.css]
[badkid.club/wp-content/plugins/elementor-pro/assets/css/frontend.min49eb.css]
[badkid.club/wp-content/plugins/sticky-header-effects-for-elementor/assets/css/she-header-style6dbf.css]
[badkid.club/wp-content/uploads/elementor/css/globale149.css]
[badkid.club/wp-content/plugins/elementor/assets/lib/eicons/fonts/eicons5519.svg]
[badkid.club/wp-content/uploads/2022/04/1920x1080background.jpg]
[badkid.club/wp-content/uploads/2022/02/1920-1080.jpg]
[badkid.club/wp-content/uploads/2022/04/1920x1080psd2.jpg]
[badkid.club/wp-content/uploads/2022/04/rawpixel-799380-unsplash.jpg]
[badkid.club/wp-content/uploads/elementor/css/post-49780d8b.css]
[badkid.club/wp-content/plugins/timeline-event-history/assets/resources/fontawesome/webfonts/fa-brands-400.eot]
[badkid.club/wp-content/plugins/timeline-event-history/assets/resources/fontawesome/webfonts/fa-brands-400d41d.eot]
[badkid.club/wp-content/plugins/timeline-event-history/assets/resources/fontawesome/webfonts/fa-brands-400.woff2]
[badkid.club/wp-content/plugins/timeline-event-history/assets/resources/fontawesome/webfonts/fa-brands-400.woff]
[badkid.club/wp-content/plugins/timeline-event-history/assets/resources/fontawesome/webfonts/fa-brands-400.7c.delayed]
[badkid.club/wp-content/plugins/timeline-event-history/assets/resources/fontawesome/webfonts/fa-brands-400.svg]
[badkid.club/wp-content/plugins/timeline-event-history/assets/resources/fontawesome/webfonts/fa-regular-400.eot]
[badkid.club/wp-content/plugins/timeline-event-history/assets/resources/fontawesome/webfonts/fa-regular-400.woff2]
[badkid.club/wp-content/plugins/timeline-event-history/assets/resources/fontawesome/webfonts/fa-regular-400d41d.eot]
[badkid.club/wp-content/plugins/timeline-event-history/assets/resources/fontawesome/webfonts/fa-regular-400.woff]
[badkid.club/wp-content/plugins/timeline-event-history/assets/resources/fontawesome/webfonts/fa-regular-400.ttf]
[badkid.club/wp-content/plugins/timeline-event-history/assets/resources/fontawesome/webfonts/fa-regular-400.svg]
[badkid.club/wp-content/plugins/timeline-event-history/assets/resources/fontawesome/webfonts/fa-solid-900.woff2]
[badkid.club/wp-content/plugins/timeline-event-history/assets/resources/fontawesome/webfonts/fa-solid-900.woff]
[badkid.club/wp-content/plugins/timeline-event-history/assets/resources/fontawesome/webfonts/fa-solid-900.eot]
[badkid.club/wp-content/plugins/timeline-event-history/assets/resources/fontawesome/webfonts/fa-solid-900d41d.eot]
[badkid.club/wp-content/plugins/timeline-event-history/assets/resources/fontawesome/webfonts/fa-solid-900.88.delayed]
[badkid.club/wp-content/plugins/timeline-event-history/assets/resources/fontawesome/webfonts/fa-solid-900.svg]
[badkid.club/wp-content/plugins/timeline-event-history/assets/resources/fontawesome/css/fontawesome.mindc8c.css]
[badkid.club/wp-content/plugins/elementskit-lite/widgets/init/assets/img/arrow.png]
[badkid.club/wp-content/plugins/elementskit-lite/widgets/init/assets/img/sort_asc.png]
[badkid.club/wp-content/plugins/elementskit-lite/widgets/init/assets/img/sort_desc.png]
[badkid.club/wp-content/plugins/elementskit-lite/widgets/init/assets/img/sort_asc_disabled.png]
[badkid.club/wp-content/plugins/elementskit-lite/widgets/init/assets/css/widget-styles4468.css]
[badkid.club/wp-content/plugins/elementskit-lite/widgets/init/assets/css/responsive4468.css]
[badkid.club/wp-content/plugins/elementor/assets/lib/font-awesome/css/fontawesome.min52d5.css]
[badkid.club/wp-content/plugins/elementskit-lite/widgets/init/assets/img/cross-out.svg]
[badkid.club/wp-content/plugins/elementor/assets/lib/font-awesome/webfonts/fa-solid-900.eot]
[badkid.club/wp-content/plugins/elementor/assets/lib/font-awesome/webfonts/fa-solid-900d41d.eot]
[badkid.club/wp-content/plugins/elementor/assets/lib/font-awesome/webfonts/fa-solid-900.woff2]
[badkid.club/wp-content/plugins/elementor/assets/lib/font-awesome/webfonts/fa-solid-900.woff]
[badkid.club/wp-content/plugins/elementor/assets/lib/font-awesome/webfonts/fa-solid-900.ttf]
[badkid.club/wp-content/plugins/elementor/assets/lib/font-awesome/css/solid.min52d5.css]
[badkid.club/wp-content/plugins/elementor/assets/lib/font-awesome/webfonts/fa-solid-900.svg]
[badkid.club/wp-content/plugins/elementor/assets/lib/font-awesome/webfonts/fa-brands-400.eot]
[badkid.club/wp-content/plugins/elementor/assets/lib/font-awesome/webfonts/fa-brands-400d41d.eot]
[badkid.club/wp-content/plugins/elementor/assets/lib/font-awesome/webfonts/fa-brands-400.woff2]
[badkid.club/wp-content/plugins/elementor/assets/lib/font-awesome/webfonts/fa-brands-400.woff]
[badkid.club/wp-content/plugins/elementor/assets/lib/font-awesome/webfonts/fa-brands-400.ttf]
[badkid.club/wp-content/plugins/elementor/assets/lib/font-awesome/css/brands.min52d5.css]
[badkid.club/wp-content/plugins/elementor/assets/lib/font-awesome/webfonts/fa-brands-400.svg]
[badkid.club/wp-content/plugins/timeline-widget-addon-for-elementor/assets/font/fontello0604.eot]
[badkid.club/wp-content/plugins/timeline-widget-addon-for-elementor/assets/font/fontello0604.woff2]
[badkid.club/wp-content/plugins/timeline-widget-addon-for-elementor/assets/font/fontello0604.woff]
[badkid.club/wp-content/plugins/timeline-widget-addon-for-elementor/assets/font/fontello0604.ttf]
[badkid.club/wp-content/plugins/timeline-widget-addon-for-elementor/assets/font/fontello0604.svg]
[badkid.club/wp-content/plugins/timeline-widget-addon-for-elementor/assets/css/twae-fontelloc412.css]
[badkid.club/wp-content/plugins/elementor/assets/lib/font-awesome/webfonts/fa-regular-400.eot]
[badkid.club/wp-content/plugins/elementor/assets/lib/font-awesome/webfonts/fa-regular-400d41d.eot]
[badkid.club/wp-content/plugins/elementor/assets/lib/font-awesome/webfonts/fa-regular-400.woff2]
[badkid.club/wp-content/plugins/elementor/assets/lib/font-awesome/webfonts/fa-regular-400.woff]
[badkid.club/wp-content/plugins/elementor/assets/lib/font-awesome/webfonts/fa-regular-400.ttf]
[badkid.club/wp-content/plugins/elementor/assets/lib/font-awesome/css/all.min55fe.css]
[badkid.club/wp-content/plugins/timeline-widget-addon-for-elementor/assets/css/twae-centered-timeline.minc412.css]
[badkid.club/wp-content/plugins/timeline-widget-addon-for-elementor/assets/css/twae-colors-typography.minc412.css]
[badkid.club/wp-content/plugins/elementor/assets/lib/animations/animations.mina7a0.css]
[badkid.club/wp-content/plugins/post-timeline/public/fonts/glyphicons-halflings-regular.svg]
[badkid.club/wp-content/plugins/elementor/assets/lib/font-awesome/webfonts/fa-regular-400.svg]
[badkid.club/wp-content/plugins/elementor/assets/lib/eicons/fonts/eicons5519.svg]
[badkid.club/wp-content/uploads/2022/04/rawpixel-799380-unsplash.html]
[badkid.club/wp-content/plugins/timeline-event-history/assets/resources/fontawesome/webfonts/fa-brands-400.html]
[badkid.club/wp-content/plugins/timeline-event-history/assets/resources/fontawesome/webfonts/fa-brands-401.html]
[badkid.club/wp-content/plugins/timeline-event-history/assets/resources/fontawesome/webfonts/fa-regular-400.html]
[badkid.club/wp-content/plugins/timeline-event-history/assets/resources/fontawesome/webfonts/fa-regular-401.html]
[badkid.club/wp-content/plugins/timeline-event-history/assets/resources/fontawesome/webfonts/fa-solid-900.html]
[badkid.club/wp-content/plugins/timeline-event-history/assets/resources/fontawesome/webfonts/fa-solid-901.html]
[badkid.club/wp-content/plugins/elementskit-lite/widgets/init/assets/img/cross-out.svg]
[badkid.club/wp-content/plugins/elementor/assets/lib/font-awesome/webfonts/fa-solid-900.svg]
[badkid.club/wp-content/plugins/elementor/assets/lib/font-awesome/webfonts/fa-brands-400.svg]
[badkid.club/wp-content/plugins/timeline-widget-addon-for-elementor/assets/font/fontello0604.svg]
[badkid.club/wp-content/plugins/elementor/assets/lib/font-awesome/webfonts/fa-regular-400.svg]
